No known errors at the moment